
R version 3.6.3 (2020-02-29) -- "Holding the Windsock"
Copyright (C) 2020 The R Foundation for Statistical Computing
Platform: x86_64-pc-linux-gnu (64-bit)

R is free software and comes with ABSOLUTELY NO WARRANTY.
You are welcome to redistribute it under certain conditions.
Type 'license()' or 'licence()' for distribution details.

  Natural language support but running in an English locale

R is a collaborative project with many contributors.
Type 'contributors()' for more information and
'citation()' on how to cite R or R packages in publications.

Type 'demo()' for some demos, 'help()' for on-line help, or
'help.start()' for an HTML browser interface to help.
Type 'q()' to quit R.

[Previously saved workspace restored]

> ###################################################
> ## Aim: Function which generates samples from AR(1) 
> ## Also: Calculating ESS for data from AR(1)
> ###################################################
> 
> set.seed(10)
> library(mcmcse)
mcmcse: Monte Carlo Standard Errors for MCMC
Version 1.4-1 created on 2020-01-29.
copyright (c) 2012, James M. Flegal, University of California, Riverside
                    John Hughes, University of Colorado, Denver
                    Dootika Vats, University of Warwick
                    Ning Dai, University of Minnesota
 For citation information, type citation("mcmcse").
 Type help("mcmcse-package") to get started.

> 
> #Generate AR(1)Output
> AR1 <- function(n, rho, tau)  {
+   X <- numeric(length = n)
+   Y <- rnorm(n, mean = 0, sd = tau)
+   X[1] = 0
+   
+   for(i in 2:n) { 
+     X[i] = rho*X[i-1] + Y[i]
+   }
+   
+   return(X)
+ }
> 
> #Initial settings
> n <- 1e3
> rho <- 0.9
> tau <- 2
> 
> #Sample data
> X <- AR1(n, rho, tau)
> 
> #Estimate ESS
> ess(X)
[1] 43.47976
> 
> proc.time()
   user  system elapsed 
  0.171   0.187   0.342 
